// Jest Snapshot v1, https://goo.gl/fbAQLP

exports[`renders correctly when called  1`] = `
<div
  className="App"
>
  <div
    className="container"
  >
    <div
      className="navbar"
    >
       
      <div
        className="Navbar1"
      >
        <div
          className="Logo"
        >
          <img
            alt="Simpo log"
            src="/assets/img/logo.png"
          />
        </div>
        <div
          className="CompanyName"
        >
          <div
            className="circle"
          >
            S
          </div>
          Organisation Name 
          <i
            className="fa fa-chevron-down"
          />
        </div>
      </div>
    </div>
    <div
      className="conversationTitle"
    >
      Conversations
    </div>
    <div
      className="sideBar"
    >
      <div
        className="Sidebar"
      >
        <div
          className="sidebarIcon"
        >
          <img
            alt="Simpo log"
            src="/assets/img/analytics.png"
          />
          <span
            className="tooltiptext"
          >
            Analytics
          </span>
        </div>
        <div
          className="sidebarIcon"
        >
          <img
            alt="Simpo log"
            src="/assets/img/happy.png"
          />
          <span
            className="tooltiptext"
          >
            Happy
          </span>
        </div>
        <div
          className="sidebarIcon"
        >
          <img
            alt="Simpo log"
            src="/assets/img/schedule.png"
          />
          <span
            className="tooltiptext"
          >
            Schedule
          </span>
        </div>
        <div
          className="sidebarIcon"
        >
          <img
            alt="Simpo log"
            src="/assets/img/comment.png"
          />
          <span
            className="tooltiptext"
          >
            Comment
          </span>
        </div>
      </div>
    </div>
    <div
      className="menu"
    >
      <div
        className="Menu"
      >
        <ul>
          <li>
            Open
          </li>
          <li>
            Archived
          </li>
          <li>
            Snoozed
          </li>
          <li>
            Trash
          </li>
        </ul>
      </div>
    </div>
    <div
      className="icon"
    >
      <div
        className="TopIconMenu"
      >
        <div
          className="TopIcon"
        >
          <div
            className="opIconIcon"
          >
            <img
              alt="Simpo log"
              src="/assets/img/clock.png"
            />
            <span
              className="tooltiptex"
            >
              Clock
            </span>
          </div>
          <div
            className="opIconIcon"
          >
            <img
              alt="Simpo log"
              src="/assets/img/delete.png"
            />
            <span
              className="tooltiptex"
            >
              Delete item
            </span>
          </div>
          <div
            className="opIconIcon"
          >
            <img
              alt="Simpo log"
              src="/assets/img/computer.png"
            />
            <span
              className="tooltiptex"
            >
              Computer
            </span>
          </div>
          <div
            className="opIconIcon"
          >
            <img
              alt="Simpo log"
              src="/assets/img/more.png"
            />
            <span
              className="tooltiptex"
            >
              More
            </span>
          </div>
        </div>
        <div
          className="LeftTopIcon"
        >
          <ul>
            <li>
              <img
                alt="user"
                src="/assets/img/me.jpg"
              />
            </li>
            <li>
              <img
                alt="user"
                src="/assets/img/me.jpg"
              />
            </li>
            <li>
              <img
                alt="user"
                src="/assets/img/me.jpg"
              />
            </li>
          </ul>
          <div
            className="assign"
          >
            Assign
          </div>
          <i
            class="fa fa-user"
          />
        </div>
      </div>
    </div>
    <div
      className="buttons"
    >
      <button
        onClick={[Function]}
      >
        Twit
      </button>
      <button
        onClick={[Function]}
      >
        WhatApp
      </button>
      <button
        onClick={[Function]}
      >
        Comments
      </button>
    </div>
    <div
      className="twit"
    >
      <div
        className="Twit"
      >
        <div
          className="innerTwit"
        >
          <div
            className="topTwit"
          >
            <div
              className="imgSide"
            >
              <img
                alt="Social media image"
                src="/assets/img/twitter.png"
              />
              <div
                className="Twitname"
              >
                Zarela Reed
              </div>
            </div>
            <div
              className="date"
            >
              19hrs
            </div>
          </div>
          <div
            className="tileAttachment"
          >
            <div
              className="title"
            >
              Used Electronic Test Equipment Not Wor…
            </div>
            <i
              className=""
            />
          </div>
          <div
            className="comment"
          >
            Hello guys, I have been unable to make use of
          </div>
        </div>
        <div
          className="innerTwit"
        >
          <div
            className="topTwit"
          >
            <div
              className="imgSide"
            >
              <img
                alt="Social media image"
                src="/assets/img/messenger.svg"
              />
              <div
                className="Twitname"
              >
                Ava Gregoraci
              </div>
            </div>
            <div
              className="date"
            >
              23hrs
            </div>
          </div>
          <div
            className="tileAttachment"
          >
            <div
              className="title"
            >
              Used Electronic Test Equipment Not Wor…
            </div>
            <i
              className="fa fa-paperclip"
            />
          </div>
          <div
            className="comment"
          >
            Hello guys, I have been unable to make use of
          </div>
        </div>
        <div
          className="innerTwit"
        >
          <div
            className="topTwit"
          >
            <div
              className="imgSide"
            >
              <img
                alt="Social media image"
                src="/assets/img/telegram.svg"
              />
              <div
                className="Twitname"
              >
                Iruka Akuchi
              </div>
            </div>
            <div
              className="date"
            >
              June 1
            </div>
          </div>
          <div
            className="tileAttachment"
          >
            <div
              className="title"
            >
              Used Electronic Test Equipment Not Wor…
            </div>
            <i
              className="fa fa-paperclip"
            />
          </div>
          <div
            className="comment"
          >
            Hello guys, I have been unable to make use of
          </div>
        </div>
        <div
          className="innerTwit"
        >
          <div
            className="topTwit"
          >
            <div
              className="imgSide"
            >
              <img
                alt="Social media image"
                src="/assets/img/whats-app.png"
              />
              <div
                className="Twitname"
              >
                Iruka Akuchi
              </div>
            </div>
            <div
              className="date"
            >
              June 1
            </div>
          </div>
          <div
            className="tileAttachment"
          >
            <div
              className="title"
            >
              Used Electronic Test Equipment Not Wor…
            </div>
            <i
              className=""
            />
          </div>
          <div
            className="comment"
          >
            Hello guys, I have been unable to make use of
          </div>
        </div>
        <div
          className="innerTwit"
        >
          <div
            className="topTwit"
          >
            <div
              className="imgSide"
            >
              <img
                alt="Social media image"
                src="/assets/img/apple.png"
              />
              <div
                className="Twitname"
              >
                Kari Granleese
              </div>
            </div>
            <div
              className="date"
            >
              June 2
            </div>
          </div>
          <div
            className="tileAttachment"
          >
            <div
              className="title"
            >
              Used Electronic Test Equipment Not Wor…
            </div>
            <i
              className=""
            />
          </div>
          <div
            className="comment"
          >
            Hello guys, I have been unable to make use of
          </div>
        </div>
        <div
          className="innerTwit"
        >
          <div
            className="topTwit"
          >
            <div
              className="imgSide"
            >
              <img
                alt="Social media image"
                src="/assets/img/twitter.png"
              />
              <div
                className="Twitname"
              >
                Zarela Reed
              </div>
            </div>
            <div
              className="date"
            >
              19hrs
            </div>
          </div>
          <div
            className="tileAttachment"
          >
            <div
              className="title"
            >
              Used Electronic Test Equipment Not Wor…
            </div>
            <i
              className=""
            />
          </div>
          <div
            className="comment"
          >
            Hello guys, I have been unable to make use of
          </div>
        </div>
        <div
          className="innerTwit"
        >
          <div
            className="topTwit"
          >
            <div
              className="imgSide"
            >
              <img
                alt="Social media image"
                src="/assets/img/messenger.svg"
              />
              <div
                className="Twitname"
              >
                Ava Gregoraci
              </div>
            </div>
            <div
              className="date"
            >
              23hrs
            </div>
          </div>
          <div
            className="tileAttachment"
          >
            <div
              className="title"
            >
              Used Electronic Test Equipment Not Wor…
            </div>
            <i
              className="fa fa-paperclip"
            />
          </div>
          <div
            className="comment"
          >
            Hello guys, I have been unable to make use of
          </div>
        </div>
        <div
          className="innerTwit"
        >
          <div
            className="topTwit"
          >
            <div
              className="imgSide"
            >
              <img
                alt="Social media image"
                src="/assets/img/telegram.svg"
              />
              <div
                className="Twitname"
              >
                Iruka Akuchi
              </div>
            </div>
            <div
              className="date"
            >
              June 1
            </div>
          </div>
          <div
            className="tileAttachment"
          >
            <div
              className="title"
            >
              Used Electronic Test Equipment Not Wor…
            </div>
            <i
              className="fa fa-paperclip"
            />
          </div>
          <div
            className="comment"
          >
            Hello guys, I have been unable to make use of
          </div>
        </div>
        <div
          className="innerTwit"
        >
          <div
            className="topTwit"
          >
            <div
              className="imgSide"
            >
              <img
                alt="Social media image"
                src="/assets/img/whats-app.png"
              />
              <div
                className="Twitname"
              >
                Iruka Akuchi
              </div>
            </div>
            <div
              className="date"
            >
              June 1
            </div>
          </div>
          <div
            className="tileAttachment"
          >
            <div
              className="title"
            >
              Used Electronic Test Equipment Not Wor…
            </div>
            <i
              className=""
            />
          </div>
          <div
            className="comment"
          >
            Hello guys, I have been unable to make use of
          </div>
        </div>
        <div
          className="innerTwit"
        >
          <div
            className="topTwit"
          >
            <div
              className="imgSide"
            >
              <img
                alt="Social media image"
                src="/assets/img/apple.png"
              />
              <div
                className="Twitname"
              >
                Kari Granleese
              </div>
            </div>
            <div
              className="date"
            >
              June 2
            </div>
          </div>
          <div
            className="tileAttachment"
          >
            <div
              className="title"
            >
              Used Electronic Test Equipment Not Wor…
            </div>
            <i
              className=""
            />
          </div>
          <div
            className="comment"
          >
            Hello guys, I have been unable to make use of
          </div>
        </div>
      </div>
    </div>
    <div
      className="whatsApp"
    >
      <div
        className="WhatApp"
      >
        <div
          className="mesage"
        >
          WhatsApp for Business: Don't forget to start your free trial
        </div>
        <div
          className="WhatApp-scroll"
        >
          <div
            className="replyCon"
          >
            <img
              alt=""
              src="/assets/img/reply.png"
            />
             Reply this conversation
          </div>
          <div
            className="innerWhatApp"
          >
            <div
              className="username"
            >
              Zarela Reed
            </div>
            <div
              className="lightBgMsg"
            >
              Having a baby can be a nerve wracking experience for new parents – not the nine months of pregnancy, I’m talking about after the infant is brought home from the hospital. It’s always the same thing, by the time they have their third child they have it all figured out, but with number one it’s a learning thing.
            </div>
            <div
              className="time"
            >
              12:59 PM
               
              <div
                className="display-none"
              >
                <i
                  class="fa fa-check"
                />
                <i
                  class="fa fa-check"
                />
              </div>
            </div>
          </div>
          <div
            className="innerWhatApp"
          >
            <div
              className="username"
            >
              Collins Iheagwara
            </div>
            <div
              className="WhatAppMsg"
            >
              Having a baby can be a nerve wracking experience for new parents – not the nine months of pregnancy, I’m talking about after the infant is brought home from the hospital. It’s always the same thing, by the time they have their third child they have it all figured out, but with number one it’s a learning thing.
            </div>
            <div
              className="time"
            >
              12:59 PM
               
              <div
                className="check"
              >
                <i
                  class="fa fa-check"
                />
                <i
                  class="fa fa-check"
                />
              </div>
            </div>
          </div>
          <div
            className="innerWhatApp"
          >
            <div
              className="username"
            >
              Collins Iheagwara
            </div>
            <div
              className="WhatAppMsg"
            >
              Having a baby can be a nerve wracking experience for new parents – not the nine months of pregnancy, I’m talking about after the infant is brought home from the hospital. It’s always the same thing, by the time they have their third child they have it all figured out, but with number one it’s a learning thing.
            </div>
            <div
              className="time"
            >
              12:59 PM
               
              <div
                className="check"
              >
                <i
                  class="fa fa-check"
                />
                <i
                  class="fa fa-check"
                />
              </div>
            </div>
          </div>
          <div
            className="innerWhatApp"
          >
            <div
              className="username"
            >
              Zarela Reed
            </div>
            <div
              className="lightBgMsg"
            >
              Having a baby can be a nerve wracking experience for new parents – not the nine months of pregnancy, I’m talking about after the infant is brought home from the hospital. It’s always the same thing, by the time they have their third child they have it all figured out, but with number one it’s a learning thing.
            </div>
            <div
              className="time"
            >
              12:59 PM
               
              <div
                className="display-none"
              >
                <i
                  class="fa fa-check"
                />
                <i
                  class="fa fa-check"
                />
              </div>
            </div>
          </div>
        </div>
        <div
          className="typeMesage"
        >
          <input
            placeholder="Type a messages…"
            type="text"
          />
          <i
            class="fa fa-paperclip"
          />
        </div>
      </div>
    </div>
    <div
      className="comments"
    >
      <div
        className="Comments"
      >
        <div
          className="comment-scroll"
        >
          <div
            className="innerComment"
          >
            <img
              alt="user"
              src="/assets/img/me.jpg"
            />
            <div
              className="commentMsg"
            >
              Having a baby can be a nerve wracking experience for new parents – not the nine months of pregnancy.
            </div>
          </div>
          <div
            className="innerComment"
          >
            <img
              alt="user"
              src="/assets/img/me.jpg"
            />
            <div
              className="commentMsg"
            >
              Having a baby can be a nerve wracking experience for new parents – not the nine months of pregnancy.
            </div>
          </div>
          <div
            className="innerComment"
          >
            <img
              alt="user"
              src="/assets/img/me.jpg"
            />
            <div
              className="commentMsg"
            >
              Having a baby can be a nerve wracking experience for new parents – not the nine months of pregnancy.
            </div>
          </div>
          <div
            className="innerComment"
          >
            <img
              alt="user"
              src="/assets/img/me.jpg"
            />
            <div
              className="commentMsg"
            >
              Having a baby can be a nerve wracking experience for new parents – not the nine months of pregnancy.
            </div>
          </div>
          <div
            className="innerComment"
          >
            <img
              alt="user"
              src="/assets/img/me.jpg"
            />
            <div
              className="commentMsg"
            >
              Having a baby can be a nerve wracking experience for new parents – not the nine months of pregnancy.
            </div>
          </div>
          <div
            className="innerComment"
          >
            <img
              alt="user"
              src="/assets/img/me.jpg"
            />
            <div
              className="commentMsg"
            >
              Having a baby can be a nerve wracking experience for new parents – not the nine months of pregnancy.
            </div>
          </div>
          <div
            className="innerComment"
          >
            <img
              alt="user"
              src="/assets/img/me.jpg"
            />
            <div
              className="commentMsg"
            >
              Having a baby can be a nerve wracking experience for new parents – not the nine months of pregnancy.
            </div>
          </div>
          <div
            className="innerComment"
          >
            <img
              alt="user"
              src="/assets/img/me.jpg"
            />
            <div
              className="commentMsg"
            >
              Having a baby can be a nerve wracking experience for new parents – not the nine months of pregnancy.
            </div>
          </div>
          <div
            className="innerComment"
          >
            <img
              alt="user"
              src="/assets/img/me.jpg"
            />
            <div
              className="commentMsg"
            >
              Having a baby can be a nerve wracking experience for new parents – not the nine months of pregnancy.
            </div>
          </div>
        </div>
        <div
          className="reply"
        >
          <img
            alt="user"
            src="/assets/img/me.jpg"
          />
          <div
            className="replyInput"
          >
            <input
              placeholder="Write your comment…."
              type="text"
            />
            <div
              className="send"
            >
              <i
                class="fa fa-paper-plane"
              />
            </div>
          </div>
        </div>
      </div>
    </div>
  </div>
</div>
`;
